stm32f1xx_it.c:32:6:NMI_Handler	4	static
stm32f1xx_it.c:40:6:HardFault_Handler	4	static
stm32f1xx_it.c:53:6:MemManage_Handler	4	static
stm32f1xx_it.c:68:6:BusFault_Handler	4	static
stm32f1xx_it.c:83:6:UsageFault_Handler	4	static
stm32f1xx_it.c:98:6:SVC_Handler	4	static
stm32f1xx_it.c:111:6:DebugMon_Handler	4	static
stm32f1xx_it.c:124:6:PendSV_Handler	4	static
stm32f1xx_it.c:137:6:SysTick_Handler	8	static
stm32f1xx_it.c:151:6:USART1_IRQHandler	8	static
stm32f1xx_it.c:156:6:USART2_IRQHandler	8	static
stm32f1xx_it.c:161:6:USART3_IRQHandler	8	static
stm32f1xx_it.c:166:6:TIM4_IRQHandler	8	static
